+----------+-----------+-------+
| id       | name      | score |
+----------+-----------+-------+
| 20250002 | Lee Jiwon | 3.75  |
+----------+-----------+-------+
(1 rows)

+----------+-----------+--------+
| id       | name      | region |
+----------+-----------+--------+
| 20250001 | Kim Minji | Seoul  |
+----------+-----------+--------+
(1 rows)

+----------+------------+-------+
| id       | name       | grade |
+----------+------------+-------+
| 20250001 | Kim Minji  | 1     |
| 20250002 | Lee Jiwon  | 2     |
| 20250003 | Park Doyun | 3     |
+----------+------------+-------+
(3 rows)

INSERT 1

+----------+-----------+-------+
| id       | name      | score |
+----------+-----------+-------+
| 20250004 | Choi Yuna | 4.50  |
+----------+-----------+-------+
(1 rows)
