INSERT 1

INSERT 1

INSERT 1

+----+---------+-------+-----+---------+-------+
| id | name    | grade | age | region  | score |
+----+---------+-------+-----+---------+-------+
| 1  | Alice   | 2     | 20  | Seoul   | 3.80  |
| 2  | Bob     | 4     | 25  | Busan   | 4.10  |
| 3  | Charlie | 1     | 19  | Incheon | 3.25  |
+----+---------+-------+-----+---------+-------+
(3 rows)
